00:00 +0: loading /Users/ibox/Documents/S1-Sistem Informasi/CAPSTONE/runners_hub/test/widget_test.dart                                                                                                 00:01 +0: loading /Users/ibox/Documents/S1-Sistem Informasi/CAPSTONE/runners_hub/test/widget_test.dart                                                                                                 00:02 +0: loading /Users/ibox/Documents/S1-Sistem Informasi/CAPSTONE/runners_hub/test/widget_test.dart                                                                                                 00:03 +0: loading /Users/ibox/Documents/S1-Sistem Informasi/CAPSTONE/runners_hub/test/widget_test.dart                                                                                                 00:04 +0: loading /Users/ibox/Documents/S1-Sistem Informasi/CAPSTONE/runners_hub/test/widget_test.dart                                                                                                 00:05 +0: loading /Users/ibox/Documents/S1-Sistem Informasi/CAPSTONE/runners_hub/test/widget_test.dart                                                                                                 00:05 +0: MainScreen navigation test                                                                                                                                                                   00:06 +0: MainScreen navigation test                                                                                                                                                                   00:07 +0: MainScreen navigation test                                                                                                                                                                   00:07 +0: MainScreen navigation test                                                                                                                                                                   
══╡ EXCEPTION CAUGHT BY RENDERING LIBRARY ╞═════════════════════════════════════════════════════════
The following assertion was thrown during layout:
A RenderFlex overflowed by 22 pixels on the bottom.

The relevant error-causing widget was:
  Column
  Column:file:///Users/ibox/Documents/S1-Sistem%20Informasi/CAPSTONE/runners_hub/lib/screens/home_screen.dart:711:24

The overflowing RenderFlex has an orientation of Axis.vertical.
The edge of the RenderFlex that is overflowing has been marked in the rendering with a yellow and
black striped pattern. This is usually caused by the contents being too big for the RenderFlex.
Consider applying a flex factor (e.g. using an Expanded widget) to force the children of the
RenderFlex to fit within the available space instead of being sized to their natural size.
This is considered an error condition because it indicates that there is content that cannot be
seen. If the content is legitimately bigger than the available space, consider clipping it with a
ClipRect widget before putting it in the flex, or using a scrollable container rather than a Flex,
like a ListView.
The specific RenderFlex in question is: RenderFlex#0d220 OVERFLOWING:
  creator: Column ← Padding ← DecoratedBox ← Container ← Listener ← _GestureSemantics ←
    RawGestureDetector ← GestureDetector ← ConstrainedBox ← Padding ← Container ← RepaintBoundary ← ⋯
  parentData: offset=Offset(16.0, 16.0) (can use size)
  constraints: BoxConstraints(w=108.0, h=98.0)
  size: Size(108.0, 98.0)
  direction: vertical
  mainAxisAlignment: spaceBetween
  mainAxisSize: max
  crossAxisAlignment: start
  textDirection: ltr
  verticalDirection: down
  spacing: 0.0
◢◤◢◤◢◤◢◤◢◤◢◤◢◤◢◤◢◤◢◤◢◤◢◤◢◤◢◤◢◤◢◤◢◤◢◤◢◤◢◤◢◤◢◤◢◤◢◤◢◤◢◤◢◤◢◤◢◤◢◤◢◤◢◤◢◤◢◤◢◤◢◤◢◤◢◤◢◤◢◤◢◤◢◤◢◤◢◤◢◤◢◤◢◤◢◤◢◤◢◤
════════════════════════════════════════════════════════════════════════════════════════════════════
══╡ EXCEPTION CAUGHT BY RENDERING LIBRARY ╞═════════════════════════════════════════════════════════
The following assertion was thrown during layout:
A RenderFlex overflowed by 22 pixels on the bottom.

The relevant error-causing widget was:
  Column
  Column:file:///Users/ibox/Documents/S1-Sistem%20Informasi/CAPSTONE/runners_hub/lib/screens/home_screen.dart:711:24

The overflowing RenderFlex has an orientation of Axis.vertical.
The edge of the RenderFlex that is overflowing has been marked in the rendering with a yellow and
black striped pattern. This is usually caused by the contents being too big for the RenderFlex.
Consider applying a flex factor (e.g. using an Expanded widget) to force the children of the
RenderFlex to fit within the available space instead of being sized to their natural size.
This is considered an error condition because it indicates that there is content that cannot be
seen. If the content is legitimately bigger than the available space, consider clipping it with a
ClipRect widget before putting it in the flex, or using a scrollable container rather than a Flex,
like a ListView.
The specific RenderFlex in question is: RenderFlex#8220e OVERFLOWING:
  creator: Column ← Padding ← DecoratedBox ← Container ← Listener ← _GestureSemantics ←
    RawGestureDetector ← GestureDetector ← ConstrainedBox ← Padding ← Container ← RepaintBoundary ← ⋯
  parentData: offset=Offset(16.0, 16.0) (can use size)
  constraints: BoxConstraints(w=108.0, h=98.0)
  size: Size(108.0, 98.0)
  direction: vertical
  mainAxisAlignment: spaceBetween
  mainAxisSize: max
  crossAxisAlignment: start
  textDirection: ltr
  verticalDirection: down
  spacing: 0.0
◢◤◢◤◢◤◢◤◢◤◢◤◢◤◢◤◢◤◢◤◢◤◢◤◢◤◢◤◢◤◢◤◢◤◢◤◢◤◢◤◢◤◢◤◢◤◢◤◢◤◢◤◢◤◢◤◢◤◢◤◢◤◢◤◢◤◢◤◢◤◢◤◢◤◢◤◢◤◢◤◢◤◢◤◢◤◢◤◢◤◢◤◢◤◢◤◢◤◢◤
════════════════════════════════════════════════════════════════════════════════════════════════════
══╡ EXCEPTION CAUGHT BY IMAGE RESOURCE SERVICE ╞════════════════════════════════════════════════════
The following NetworkImageLoadException was thrown resolving an image codec:
HTTP request failed, statusCode: 400,
https://images.unsplash.com/photo-1524661135-423995f22d0b?ixlib=rb-1.2.1&auto=format&fit=crop&w=800&q=80

When the exception was thrown, this was the stack:
#0      NetworkImage._loadAsync (package:flutter/src/painting/_network_image_io.dart:130:9)
<asynchronous suspension>
#1      MultiFrameImageStreamCompleter._handleCodecReady (package:flutter/src/painting/image_stream.dart:1021:3)
<asynchronous suspension>

Image provider:
  NetworkImage("https://images.unsplash.com/photo-1524661135-423995f22d0b?ixlib=rb-1.2.1&auto=format&fit=crop&w=800&q=80",
  scale: 1.0, webHtmlElementStrategy: never, headers: null)
Image key:
  NetworkImage("https://images.unsplash.com/photo-1524661135-423995f22d0b?ixlib=rb-1.2.1&auto=format&fit=crop&w=800&q=80",
  scale: 1.0, webHtmlElementStrategy: never, headers: null)
════════════════════════════════════════════════════════════════════════════════════════════════════
══╡ EXCEPTION CAUGHT BY FLUTTER TEST FRAMEWORK ╞════════════════════════════════════════════════════
The following message was thrown:
Multiple exceptions (3) were detected during the running of the current test, and at least one was
unexpected.
════════════════════════════════════════════════════════════════════════════════════════════════════
00:07 +0 -1: MainScreen navigation test [E]                                                                                                                                                            
  Test failed. See exception logs above.
  The test description was: MainScreen navigation test
  
Warning: At least one test in this suite creates an HttpClient. When running a test suite that uses
TestWidgetsFlutterBinding, all HTTP requests will return status code 400, and no network request
will actually be made. Any test expecting a real network connection and status code will fail.
To test code that needs an HttpClient, provide your own HttpClient implementation to the code under
test, so that your test can consistently provide a testable response to the code under test.

To run this test again: /Users/ibox/develop/flutter/bin/cache/dart-sdk/bin/dart test /Users/ibox/Documents/S1-Sistem Informasi/CAPSTONE/runners_hub/test/widget_test.dart -p vm --plain-name 'MainScreen navigation test'
00:07 +0 -1: Some tests failed.                                                                                                                                                                        
